border_size=1
usage=map

Aa          , Aa          , Aa          , Aa^Fpa      , Aa^Fpa      , Aa^Fpa      , Aa^Fpa      , Aa^Fpa      , Aa^Fpa      , Aa^Fpa      , Aa^Fpa      , Aa^Fpa      , Aa^Fpa      , Aa^Fpa      , Aa^Fpa      , Aa          , Aa^Fpa      , Aa^Fpa      , Aa^Fpa      , Aa^Fpa      , Aa^Fpa      , Aa^Fpa      , Aa^Fpa      , Aa^Fpa      , Aa^Fpa      , Aa          , Gs^Fp       , Gs^Fp       , Ww          , Ww          , Ww          , Gs^Fp       , Gs^Fp       , Gs^Fp       , Gs^Fp       , Gs^Fp       , Gs^Fp       , Gs^Fp       , Gs^Fp       , Gs^Fp       , Ww          , Ww          , Ww          , Ww          , Ww          , Ww          , Ww          , Ww          , Ww          , Ww          , Ww          , Ww          , Ww          , Ww          , Ww          , Ww          , Ww          , Ww          , Ww          , Ww          , Ww          , Ww          
Aa^Fpa      , Aa          , Aa^Fpa      , Aa          , Aa          , Aa^Fpa      , Aa^Fpa      , Aa^Fpa      , Aa^Fpa      , Aa^Fpa      , Aa^Fpa      , Aa^Fpa      , Aa^Fpa      , Aa^Fpa      , Aa^Fpa      , Aa          , Aa^Fpa      , Aa^Fpa      , Aa^Fpa      , Aa^Fpa      , Aa^Fpa      , Aa^Fpa      , Aa^Fpa      , Aa^Fpa      , Aa^Fpa      , Aa          , Ww          , Ww          , Ww          , Ww          , Ww          , Ww          , Ww          , Gs^Fp       , Gs^Fp       , Gs^Fp       , Gs^Fp       , Gs^Fp       , Ww^Bw|      , Ww          , Ww          , Ww          , Ww          , Ww          , Ww          , Ww          , Ww          , Ww          , Qlf         , Qlf         , Qlf         , Qlf         , Qlf         , Qlf         , Qlf         , Ww          , Qlf         , Ww          , Ww          , Ww          , Ww          , Ww          
Aa^Fpa      , Aa^Fpa      , Aa^Fpa      , Aa^Fpa      , Aa^Fpa      , Aa          , Aa          , Aa^Fpa      , Chw         , Chw         , Chw         , Aa^Fpa      , Aa^Fpa      , Aa^Fpa      , Aa^Fpa      , Aa          , Aa^Fpa      , Aa^Fpa      , Aa^Fpa      , Aa^Fpa      , Aa^Fpa      , Aa^Fpa      , Aa^Fpa      , Aa^Fpa      , Aa^Fpa      , Aa          , Ww          , Ww          , Qlf         , Qlf         , Qlf         , Ww          , Ww          , Ww          , Gs^Fp       , Gs^Fp       , Gs^Fp       , Gs^Fp       , Ww^Bw|      , Ww          , Ww          , Ww          , Ww          , Ww          , Ww          , Ww          , Qlf         , Qlf         , Cud         , Cud         , Cud         , Cud         , Cud         , Cud         , Cud         , Qlf         , Qlf         , Qlf         , Qlf         , Ww          , Ww          , Ww          
Aa^Fpa      , Aa^Fpa      , Aa^Fpa      , Aa^Fpa      , Aa^Fpa      , Aa^Fpa      , Aa^Fpa      , Chw         , Chw         , Chw         , Chw         , Chw         , Aa^Fpa      , Aa^Fpa      , Aa^Fpa      , Aa          , Aa          , Aa          , Aa          , Aa          , Aa          , Aa^Fpa      , Aa^Fpa      , Aa^Fpa      , Aa^Fpa      , Aa          , Ww          , Qlf         , Cud         , 9 Cud       , Cud         , Qlf         , Ww          , Ww          , Gs^Fp       , Gs^Fp       , Gs^Fp       , Gs^Fp       , Ww^Bw|      , Ww          , Ww          , Ww          , Ww          , Ww          , Ww          , Qlf         , Cud         , Cud         , Cud         , Cud         , Cud         , Cud         , Cud         , Cud         , Qlf         , Qlf         , Qlf         , Qlf         , Cud         , Qlf         , Qlf         , Ww          
Aa^Fpa      , Aa^Fpa      , Aa^Fpa      , Aa^Fpa      , Aa^Fpa      , Aa^Fpa      , Aa^Fpa      , Chw         , Chw         , 1 Chw       , Chw         , Chw         , Aa^Fpa      , Aa^Fpa      , Aa^Fpa      , Aa          , Ce          , Aa          , Ce          , Ce          , Ce          , Aa          , Aa          , Aa          , Aa          , Aa          , Re          , Qlf         , Re          , Cud         , Re          , Qlf         , Re          , Ww          , Re          , Gs^Fp       , Gs^Fp       , Gs^Fp       , Ww^Bw|      , Ww          , Ww          , Ww          , Ww          , Ww          , Qlf         , Qlf         , Cud         , Cud         , 4 Kud       , Cud         , Cud         , Cud         , Cud         , Cud         , Qlf         , Qlf         , Cud         , Cud         , Cud         , Cud         , Cud         , Qlf         
Aa^Fpa      , Aa^Fpa      , Aa^Fpa      , Aa^Fpa      , Aa^Fpa      , Aa^Fpa      , Aa^Fpa      , Chw         , Chw         , Chw         , Chw         , Chw         , Aa^Fpa      , Aa^Fpa      , Aa^Fpa      , Aa          , Ce          , Ce          , Ce          , Ce          , Ce          , Ce          , Ce          , Ce          , Ce          , Aa          , Re          , Re          , Re          , Re          , Re          , Re          , Re          , Re          , Re          , Re          , Re          , Ww^Bw/      , Ww^Bw|      , Ww          , Ww          , Ww          , Ww          , Ww          , Ql^Bs/      , Cud         , Cud         , Cud         , Cud         , Cud         , Cud         , Cud         , Qlf         , Qlf         , Qlf         , Qlf         , Cud         , Cud         , Cud         , Cud         , Cud         , Qlf         
Aa^Fpa      , Aa^Fpa      , Aa^Fpa      , Aa^Fpa      , Aa^Fpa      , Aa^Fpa      , Aa^Fpa      , Aa^Fpa      , Aa^Fpa      , Chw         , Aa^Fpa      , Aa          , Aa          , Aa^Fpa      , Aa^Fpa      , Aa          , Ce          , Ce          , Ce          , Ce          , Ce          , Ce          , Ce          , Ce          , Ce          , Aa          , Aa^Fpa      , Re          , Ww          , Re          , Qlf         , Re          , 8 Cud       , Re          , Cud         , Re          , Re          , Ww          , Ww^Bw|      , Ww          , Ww          , Ww          , Ww^Bw/      , Ww^Bw/      , Qlf         , Cud         , Cud         , Cud         , Cud         , Cud         , Qlf         , Qlf         , Qlf         , Qlf         , Cud         , Cud         , Cud         , Cud         , Cud         , Cud         , Cud         , Qlf         
Aa^Fpa      , Aa^Fpa      , Aa^Fpa      , Aa^Fpa      , Aa^Fpa      , Aa^Fpa      , Aa^Fpa      , Aa^Fpa      , Aa^Fpa      , Aa^Fpa      , Aa^Fpa      , Aa^Fpa      , Aa^Fpa      , Aa          , Aa          , Aa          , Ce          , Ce          , Ce          , Ce          , 2 Ke        , Ce          , Ce          , Ce          , Ce          , Aa          , Aa^Fpa      , Gs^Fp       , Gs^Fp       , Ww          , Qlf         , Cud         , Cud         , Cud         , Qlf         , Qlf         , Re          , Ww          , Ww          , Ww^Bw\      , Ww^Bw\      , Ww^Bw/      , Ww          , Ww          , Qlf         , Cud         , Cud         , Cud         , Cud         , Cud         , Ql^Bs\      , Qlf         , Cud         , Cud         , Cud         , Cud         , Cud         , Cud         , Cud         , Cud         , Cud         , Qlf         
Aa^Fpa      , Aa^Fpa      , Aa^Fpa      , Aa^Fpa      , Aa^Fpa      , Aa^Fpa      , Aa^Fpa      , Aa^Fpa      , Aa^Fpa      , Aa^Fpa      , Aa^Fpa      , Aa^Fpa      , Aa^Fpa      , Aa^Fpa      , Aa          , Aa          , Aa          , Ce          , Ce          , Ce          , Ce          , Ce          , Ce          , Ce          , Ce          , Aa          , Aa^Fpa      , Gs^Fp       , Gs^Fp       , Ww          , Ww          , Qlf         , Qlf         , Cud         , Qlf         , Qlf         , Gs^Fp       , Ww          , Ww^Bw|      , Ww^Bw/      , Ww          , Ww          , Ww          , Ww          , Qlf         , Cud         , Cud         , Cud         , Cud         , Qlf         , Qlf         , Ql^Bs\      , Cud         , Cud         , Cud         , 3 Kud       , Cud         , Cud         , Cud         , Cud         , Qlf         , Qlf         
Aa^Fpa      , Aa^Fpa      , Aa^Fpa      , Aa^Fpa      , Aa^Fpa      , Aa^Fpa      , Aa^Fpa      , Aa^Fpa      , Aa^Fpa      , Aa^Fpa      , Aa^Fpa      , Aa^Fpa      , Aa          , Aa          , Aa^Fpa      , Aa^Fpa      , Aa^Fpa      , Aa          , Aa          , Ce          , Ce          , Ce          , Ce          , Ce          , Aa          , Aa          , Aa^Fpa      , Aa^Fpa      , Aa^Fpa      , Gs^Fp       , Gs^Fp       , Ww          , Ww          , Qlf         , Ww          , Ww          , Gs^Fp       , Ww^Bw/      , Ww^Bw|      , Ww          , Ww          , Ww          , Ww          , Ww          , Qlf         , Cud         , Cud         , Cud         , Cud         , Qlf         , Qlf         , Cud         , Cud         , Cud         , Cud         , Cud         , Cud         , Cud         , Cud         , Cud         , Qlf         , Qlf         
Aa^Fpa      , Aa^Fpa      , Aa^Fpa      , Aa^Fpa      , Aa^Fpa      , Aa^Fpa      , Aa^Fpa      , Aa^Fpa      , Aa^Fpa      , Aa^Fpa      , Aa          , Aa          , Aa^Fpa      , Aa^Fpa      , Aa^Fpa      , Aa^Fpa      , Aa^Fpa      , Aa^Fpa      , Aa^Fpa      , Aa          , Aa          , Ce          , Aa          , Aa          , Aa^Fpa      , Aa^Fpa      , Aa^Fpa      , Aa^Fpa      , Aa^Fpa      , Aa^Fpa      , Aa^Fpa      , Gs^Fp       , Gs^Fp       , Ww          , Gs^Fp       , Gs^Fp       , Gs^Fp       , Ww          , Ww^Bw|      , Ww          , Ww          , Ww          , Ww          , Ww          , Qlf         , Cud         , Cud         , Cud         , Cud         , Qlf         , Qlf         , Cud         , Cud         , Cud         , Cud         , Cud         , Cud         , Cud         , Cud         , Cud         , Qlf         , Qlf         
Aa^Fpa      , Aa^Fpa      , Aa^Fpa      , Aa^Fpa      , Aa^Fpa      , Aa^Fpa      , Aa^Fpa      , Aa^Fpa      , Aa          , Aa          , Aa^Fpa      , Aa^Fpa      , Aa^Fpa      , Aa^Fpa      , Aa^Fpa      , Aa^Fpa      , Aa^Fpa      , Aa^Fpa      , Aa^Fpa      , Aa^Fpa      , Aa^Fpa      , Aa          , Aa^Fpa      , Aa^Fpa      , Aa^Fpa      , Aa^Fpa      , Aa^Fpa      , Aa^Fpa      , Aa^Fpa      , Aa^Fpa      , Aa^Fpa      , Aa^Fpa      , Aa^Fpa      , Gs^Fp       , Aa^Fpa      , Aa^Fpa      , Gs^Fp       , Ww          , Ww^Bw|      , Ww          , Ww          , Ww          , Ww          , Ww          , Qlf         , Cud         , Cud         , Cud         , Cud         , Cud         , Qlf         , Qlf         , Cud         , Cud         , Cud         , Cud         , Cud         , Cud         , Cud         , Cud         , Qlf         , Qlf         
Aa          , Aa^Fpa      , Aa^Fpa      , Aa^Fpa      , Aa^Fpa      , Aa^Fpa      , Aa          , Aa          , Aa^Fpa      , Aa^Fpa      , Aa^Fpa      , Aa^Fpa      , Aa^Fpa      , Aa^Fpa      , Aa^Fpa      , Aa^Fpa      , Aa^Fpa      , Aa^Fpa      , Aa^Fpa      , Aa^Fpa      , Aa^Fpa      , Aa          , Aa^Fpa      , Aa^Fpa      , Aa^Fpa      , Aa^Fpa      , Aa^Fpa      , Aa^Fpa      , Aa^Fpa      , Aa^Fpa      , Aa^Fpa      , Aa^Fpa      , Aa^Fpa      , Aa^Fpa      , Aa^Fpa      , Aa^Fpa      , Gs^Fp       , Ww          , Ww^Bw|      , Ww          , Ww          , Ww          , Ww          , Ww          , Ww          , Qlf         , Qlf         , Cud         , Cud         , Cud         , Qlf         , Qlf         , Cud         , Cud         , Cud         , Cud         , Cud         , Cud         , Cud         , Cud         , Qlf         , Qlf         
Aa^Fpa      , Aa          , Aa          , Aa^Fpa      , Aa          , Aa          , Aa^Fpa      , Aa^Fpa      , Aa^Fpa      , Aa^Fpa      , Aa^Fpa      , Aa^Fpa      , Aa^Fpa      , Aa^Fpa      , Aa^Fpa      , Aa^Fpa      , Aa^Fpa      , Aa^Fpa      , Aa^Fpa      , Aa^Fpa      , Aa^Fpa      , Aa          , Aa^Fpa      , Aa^Fpa      , Aa^Fpa      , Aa^Fpa      , Aa^Fpa      , Aa^Fpa      , Aa^Fpa      , Aa^Fpa      , Aa^Fpa      , Aa^Fpa      , Aa^Fpa      , Aa^Fpa      , Aa^Fpa      , Aa^Fpa      , Aa^Fpa      , Gs^Fp       , Gs^Fp       , Ww          , Ww          , Ww          , Ww          , Ww          , Ww          , Ww          , Ww          , Qlf         , Qlf         , Cud         , Qlf         , Qlf         , Cud         , Cud         , Cud         , Cud         , Cud         , Cud         , Cud         , Cud         , Qlf         , Qlf         
Aa^Fpa      , Aa^Fpa      , Aa^Fpa      , Aa          , Aa^Fpa      , Aa^Fpa      , Aa^Fpa      , Aa^Fpa      , Aa^Fpa      , Aa^Fpa      , Aa^Fpa      , Aa^Fpa      , Aa^Fpa      , Aa^Fpa      , Aa^Fpa      , Aa^Fpa      , Aa^Fpa      , Aa^Fpa      , Aa^Fpa      , Aa^Fpa      , Aa^Fpa      , Aa          , Aa^Fpa      , Aa^Fpa      , Aa^Fpa      , Aa^Fpa      , Aa^Fpa      , Aa^Fpa      , Aa^Fpa      , Aa^Fpa      , Aa^Fpa      , Aa^Fpa      , Aa^Fpa      , Aa^Fpa      , Aa^Fpa      , Aa^Fpa      , Aa^Fpa      , Gs^Fp       , Gs^Fp       , Ww          , Ww          , Ww          , Ww          , Ww          , Ww          , Ww          , Ww          , Ww          , Ww          , Qlf         , Ww          , Qlf         , Qlf         , Cud         , Qlf         , Cud         , Cud         , Cud         , Qlf         , Qlf         , Ww          , Ww          
Aa^Fpa      , Aa^Fpa      , Aa^Fpa      , Aa^Fpa      , Aa^Fpa      , Aa^Fpa      , Aa^Fpa      , Aa^Fpa      , Aa^Fpa      , Aa^Fpa      , Aa^Fpa      , Aa^Fpa      , Aa^Fpa      , Aa^Fpa      , Aa^Fpa      , Aa^Fpa      , Aa^Fpa      , Aa^Fpa      , Aa^Fpa      , Aa^Fpa      , Aa^Fpa      , Aa          , Aa^Fpa      , Aa^Fpa      , Aa^Fpa      , Aa^Fpa      , Aa^Fpa      , Aa^Fpa      , Aa^Fpa      , Aa^Fpa      , Aa^Fpa      , Aa^Fpa      , Aa^Fpa      , Aa^Fpa      , Aa^Fpa      , Aa^Fpa      , Aa^Fpa      , Aa^Fpa      , Aa^Fpa      , Gs^Fp       , Gs^Fp       , Ww          , Ww          , Ww          , Ww          , Ww          , Ww          , Ww          , Ww          , Ww          , Ww          , Ww          , Ww          , Qlf         , Ww          , Qlf         , Qlf         , Qlf         , Ww          , Ww          , Ww          , Ww          
Aa^Fpa      , Aa^Fpa      , Aa^Fpa      , Aa^Fpa      , Aa^Fpa      , Aa^Fpa      , Aa^Fpa      , Aa^Fpa      , Aa^Fpa      , Aa^Fpa      , Aa^Fpa      , Aa^Fpa      , Aa^Fpa      , Aa^Fpa      , Aa^Fpa      , Aa^Fpa      , Aa^Fpa      , Aa^Fpa      , Aa^Fpa      , Aa^Fpa      , Aa^Fpa      , Aa          , Aa^Fpa      , Aa^Fpa      , Aa^Fpa      , Aa^Fpa      , Aa^Fpa      , Aa^Fpa      , Aa^Fpa      , Aa^Fpa      , Aa^Fpa      , Aa^Fpa      , Aa^Fpa      , Aa^Fpa      , Aa^Fpa      , Aa^Fpa      , Aa^Fpa      , Aa^Fpa      , Aa^Fpa      , Gs^Fp       , Gs^Fp       , Ww          , Ww          , Ww          , Ww          , Ww          , Ww          , Ww          , Ww          , Ww          , Ww          , Ww          , Ww          , Ww          , Ww          , Ww          , Ww          , Ww          , Ww          , Ww          , Ww          , Ww          
Aa^Fpa      , Aa^Fpa      , Aa^Fpa      , Aa^Fpa      , Aa^Fpa      , Aa^Fpa      , Aa^Fpa      , Aa^Fpa      , Aa^Fpa      , Aa^Fpa      , Aa^Fpa      , Aa^Fpa      , Aa^Fpa      , Aa^Fpa      , Aa^Fpa      , Aa^Fpa      , Aa^Fpa      , Aa^Fpa      , Aa^Fpa      , Aa^Fpa      , Aa^Fpa      , Aa          , Aa^Fpa      , Aa^Fpa      , Aa^Fpa      , Aa^Fpa      , Aa^Fpa      , Aa^Fpa      , Aa^Fpa      , Aa^Fpa      , Aa^Fpa      , Aa^Fpa      , Aa^Fpa      , Aa^Fpa      , Aa^Fpa      , Aa^Fpa      , Aa^Fpa      , Aa^Fpa      , Aa^Fpa      , Aa^Fpa      , Aa^Fpa      , Gs^Fp       , Gs^Fp       , Ww          , Ww          , Ww          , Ww          , Ww          , Ww          , Ww          , Ww          , Ww          , Ww          , Ww          , Ww          , Ww          , Ww          , Ww          , Ww          , Ww          , Ww          , Ww          
Aa^Fpa      , Aa^Fpa      , Aa^Fpa      , Aa^Fpa      , Aa^Fpa      , Aa^Fpa      , Aa^Fpa      , Aa^Fpa      , Aa^Fpa      , Aa^Fpa      , Aa^Fpa      , Aa^Fpa      , Aa^Fpa      , Aa^Fpa      , Aa^Fpa      , Aa^Fpa      , Aa^Fpa      , Aa^Fpa      , Aa^Fpa      , Aa^Fpa      , Aa^Fpa      , Aa          , Aa^Fpa      , Aa^Fpa      , Aa^Fpa      , Aa^Fpa      , Aa^Fpa      , Aa^Fpa      , Aa^Fpa      , Aa^Fpa      , Aa^Fpa      , Aa^Fpa      , Aa^Fpa      , Aa^Fpa      , Aa^Fpa      , Aa^Fpa      , Aa^Fpa      , Aa^Fpa      , Aa^Fpa      , Aa^Fpa      , Aa^Fpa      , Aa^Fpa      , Aa^Fpa      , Gs^Fp       , Gs^Fp       , Ww          , Ww          , Ww          , Ww          , Ww          , Ww          , Ww          , Ww          , Ww          , Ww          , Ww          , Ww          , Ww          , Ww          , Ww          , Ww          , Ww          
Aa^Fpa      , Aa^Fpa      , Aa^Fpa      , Aa^Fpa      , Aa^Fpa      , Aa^Fpa      , Aa^Fpa      , Aa^Fpa      , Aa^Fpa      , Aa^Fpa      , Aa^Fpa      , Aa^Fpa      , Aa^Fpa      , Aa^Fpa      , Aa^Fpa      , Aa^Fpa      , Aa^Fpa      , Aa^Fpa      , Aa^Fpa      , Aa^Fpa      , Aa^Fpa      , Aa          , Aa^Fpa      , Aa^Fpa      , Aa^Fpa      , Aa^Fpa      , Aa^Fpa      , Aa^Fpa      , Aa^Fpa      , Aa^Fpa      , Aa^Fpa      , Aa^Fpa      , Aa^Fpa      , Aa^Fpa      , Aa^Fpa      , Aa^Fpa      , Aa^Fpa      , Aa^Fpa      , Aa^Fpa      , Aa^Fpa      , Aa^Fpa      , Aa^Fpa      , Aa^Fpa      , Aa^Fpa      , Aa^Fpa      , Gs^Fp       , Gs^Fp       , Gs^Fp       , Gs^Fp       , Ww          , Ww          , Ww          , Ww          , Ww          , Ww          , Ww          , Ww          , Ww          , Ww          , Ww          , Ww          , Ww          
Aa^Fpa      , Aa^Fpa      , Aa^Fpa      , Aa^Fpa      , Aa^Fpa      , Aa^Fpa      , Aa^Fpa      , Aa^Fpa      , Aa^Fpa      , Aa^Fpa      , Aa^Fpa      , Aa^Fpa      , Aa^Fpa      , Aa^Fpa      , Aa^Fpa      , Aa^Fpa      , Aa^Fpa      , Aa^Fpa      , Aa^Fpa      , Aa^Fpa      , Aa^Fpa      , Aa          , Aa^Fpa      , Aa^Fpa      , Aa^Fpa      , Aa^Fpa      , Aa^Fpa      , Aa^Fpa      , Aa^Fpa      , Aa^Fpa      , Aa^Fpa      , Aa^Fpa      , Aa^Fpa      , Aa^Fpa      , Aa^Fpa      , Aa^Fpa      , Aa^Fpa      , Aa^Fpa      , Aa^Fpa      , Aa^Fpa      , Aa^Fpa      , Aa^Fpa      , Aa^Fpa      , Aa^Fpa      , Aa^Fpa      , Aa^Fpa      , Aa^Fpa      , Aa^Fpa      , Aa^Fpa      , Gs^Fp       , Gs^Fp       , Ww          , Ww          , Ww          , Ww          , Ww          , Ww          , Ww          , Ww          , Ww          , Ww          , Ww          
Aa^Fpa      , Aa^Fpa      , Aa^Fpa      , Aa^Fpa      , Aa^Fpa      , Aa^Fpa      , Aa^Fpa      , Aa^Fpa      , Aa^Fpa      , Aa^Fpa      , Aa^Fpa      , Aa^Fpa      , Aa^Fpa      , Aa^Fpa      , Aa^Fpa      , Aa^Fpa      , Aa^Fpa      , Aa^Fpa      , Aa^Fpa      , Aa^Fpa      , Aa^Fpa      , Aa          , Aa^Fpa      , Aa^Fpa      , Aa^Fpa      , Aa^Fpa      , Aa^Fpa      , Aa^Fpa      , Aa^Fpa      , Aa^Fpa      , Aa^Fpa      , Aa^Fpa      , Aa^Fpa      , Aa^Fpa      , Aa^Fpa      , Aa^Fpa      , Aa^Fpa      , Aa^Fpa      , Aa^Fpa      , Aa^Fpa      , Aa^Fpa      , Aa^Fpa      , Aa^Fpa      , Aa^Fpa      , Aa^Fpa      , Aa^Fpa      , Aa^Fpa      , Aa^Fpa      , Aa^Fpa      , Gs^Fp       , Gs^Fp       , Gs^Fp       , Gs^Fp       , Ww          , Gs^Fp       , Ww          , Ww          , Ww          , Ha          , Ww          , Ha          , Ha          
Aa^Fpa      , Aa^Fpa      , Aa^Fpa      , Aa^Fpa      , Aa^Fpa      , Aa^Fpa      , Aa^Fpa      , Aa^Fpa      , Aa^Fpa      , Aa^Fpa      , Aa^Fpa      , Aa^Fpa      , Aa^Fpa      , Aa^Fpa      , Aa^Fpa      , Aa^Fpa      , Aa^Fpa      , Aa^Fpa      , Aa^Fpa      , Aa^Fpa      , Aa^Fpa      , Aa          , Aa^Fpa      , Aa^Fpa      , Aa^Fpa      , Aa^Fpa      , Aa^Fpa      , Aa^Fpa      , Aa^Fpa      , Aa^Fpa      , Aa^Fpa      , Aa^Fpa      , Aa^Fpa      , Aa^Fpa      , Aa^Fpa      , Aa^Fpa      , Aa^Fpa      , Aa^Fpa      , Aa^Fpa      , Aa^Fpa      , Aa^Fpa      , Aa^Fpa      , Aa^Fpa      , Aa^Fpa      , Aa^Fpa      , Aa^Fpa      , Aa^Fpa      , Aa^Fpa      , Aa^Fpa      , Aa^Fpa      , Aa^Fpa      , Gs^Fp       , Gs^Fp       , Gs^Fp       , Gs^Fp       , Gs^Fp       , Aa          , Ha          , Ha          , Ha          , Ha          , Ha          
Aa^Fpa      , Aa^Fpa      , Aa^Fpa      , Aa^Fpa      , Aa^Fpa      , Aa^Fpa      , Aa^Fpa      , Aa^Fpa      , Aa^Fpa      , Aa^Fpa      , Aa^Fpa      , Aa^Fpa      , Aa^Fpa      , Aa^Fpa      , Aa^Fpa      , Aa^Fpa      , Aa^Fpa      , Aa^Fpa      , Aa^Fpa      , Aa^Fpa      , Aa^Fpa      , Aa          , Aa^Fpa      , Aa^Fpa      , Aa^Fpa      , Aa^Fpa      , Aa^Fpa      , Aa^Fpa      , Aa^Fpa      , Aa^Fpa      , Aa^Fpa      , Aa^Fpa      , Aa^Fpa      , Aa^Fpa      , Aa^Fpa      , Aa^Fpa      , Aa^Fpa      , Aa^Fpa      , Aa^Fpa      , Aa^Fpa      , Aa^Fpa      , Aa^Fpa      , Aa^Fpa      , Aa^Fpa      , Aa^Fpa      , Aa^Fpa      , Aa^Fpa      , Aa^Fpa      , Aa^Fpa      , Aa^Fpa      , Aa^Fpa      , Aa^Fpa      , Aa^Fpa      , Aa^Fpa      , Aa^Fpa      , Aa^Fpa      , Aa          , Ha          , Ha          , Ha          , Ha          , Ha          
Aa^Fpa      , Aa^Fpa      , Aa^Fpa      , Aa^Fpa      , Aa^Fpa      , Aa^Fpa      , Aa^Fpa      , Aa^Fpa      , Aa^Fpa      , Aa^Fpa      , Aa^Fpa      , Aa^Fpa      , Aa^Fpa      , Aa^Fpa      , Aa^Fpa      , Aa^Fpa      , Aa^Fpa      , Aa^Fpa      , Aa^Fpa      , Aa^Fpa      , Re          , Re          , Re          , Aa^Fpa      , Aa^Fpa      , Aa^Fpa      , Aa^Fpa      , Aa^Fpa      , Aa^Fpa      , Aa^Fpa      , Aa^Fpa      , Aa^Fpa      , Aa^Fpa      , Aa^Fpa      , Aa^Fpa      , Aa^Fpa      , Aa^Fpa      , Aa^Fpa      , Aa^Fpa      , Aa^Fpa      , Aa^Fpa      , Aa^Fpa      , Aa^Fpa      , Aa^Fpa      , Aa^Fpa      , Aa^Fpa      , Aa^Fpa      , Aa^Fpa      , Aa^Fpa      , Aa^Fpa      , Aa^Fpa      , Aa^Fpa      , Aa^Fpa      , Aa^Fpa      , Aa^Fpa      , Aa^Fpa      , Aa          , Ha          , Ha          , Ha          , Ha          , Ha          
Aa^Fpa      , Aa^Fpa      , Aa^Fpa      , Aa^Fpa      , Aa^Fpa      , Aa^Fpa      , Aa^Fpa      , Aa^Fpa      , Aa^Fpa      , Aa^Fpa      , Aa^Fpa      , Aa^Fpa      , Aa^Fpa      , Aa^Fpa      , Aa^Fpa      , Aa^Fpa      , Aa^Fpa      , Aa^Fpa      , Re          , Re          , Kv          , Kv          , Kv          , Re          , Re          , Aa^Fpa      , Aa^Fpa      , Aa^Fpa      , Aa^Fpa      , Aa^Fpa      , Aa^Fpa      , Aa^Fpa      , Aa^Fpa      , Aa^Fpa      , Aa^Fpa      , Aa^Fpa      , Aa^Fpa      , Aa^Fpa      , Aa^Fpa      , Aa^Fpa      , Aa^Fpa      , Aa^Fpa      , Aa^Fpa      , Aa^Fpa      , Aa^Fpa      , Aa^Fpa      , Aa^Fpa      , Aa^Fpa      , Aa^Fpa      , Aa^Fpa      , Aa^Fpa      , Aa^Fpa      , Aa^Fpa      , Aa^Fpa      , Aa^Fpa      , Aa^Fpa      , Aa          , Ha          , Ha          , Ha          , Ha          , Ha          
Aa^Fpa      , Aa^Fpa      , Aa^Fpa      , Aa^Fpa      , Aa^Fpa      , Aa^Fpa      , Aa^Fpa      , Aa^Fpa      , Aa^Fpa      , Aa^Fpa      , Aa^Fpa      , Aa^Fpa      , Aa^Fpa      , Aa^Fpa      , Aa^Fpa      , Aa^Fpa      , Re          , Re          , Gg^Vh       , Kv          , Cv          , Cv          , Cv          , Kv          , Gg^Vh       , Re          , Re          , Aa^Fpa      , Aa^Fpa      , Aa^Fpa      , Aa^Fpa      , Aa^Fpa      , Aa^Fpa      , Aa^Fpa      , Aa^Fpa      , Aa^Fpa      , Aa^Fpa      , Aa^Fpa      , Aa^Fpa      , Aa^Fpa      , Aa^Fpa      , Aa^Fpa      , Aa^Fpa      , Aa^Fpa      , Aa^Fpa      , Aa^Fpa      , Aa^Fpa      , Aa^Fpa      , Aa^Fpa      , Aa^Fpa      , Aa^Fpa      , Aa^Fpa      , Aa^Fpa      , Aa^Fpa      , Aa^Fpa      , Aa^Fpa      , Aa          , Ha          , Ha          , Ha          , Ha          , Ha          
Aa^Fpa      , Aa^Fpa      , Aa^Fpa      , Aa^Fpa      , Aa^Fpa      , Aa^Fpa      , Aa^Fpa      , Aa^Fpa      , Aa^Fpa      , Aa^Fpa      , Aa^Fpa      , Aa^Fpa      , Aa^Fpa      , Aa^Fpa      , Re          , Re          , Gg^Vh       , Gg^Vh       , Gg^Vh       , Kv          , Cv          , 7 Cv        , Cv          , Kv          , Gg^Vh       , Gg^Vh       , Gg^Vh       , Re          , Re          , Aa^Fpa      , Aa^Fpa      , Aa^Fpa      , Aa^Fpa      , Aa^Fpa      , Aa^Fpa      , Aa^Fpa      , Aa^Fpa      , Aa^Fpa      , Aa^Fpa      , Aa^Fpa      , Aa^Fpa      , Aa^Fpa      , Aa^Fpa      , Aa^Fpa      , Aa^Fpa      , Aa^Fpa      , Aa^Fpa      , Aa^Fpa      , Aa^Fpa      , Aa^Fpa      , Aa^Fpa      , Aa^Fpa      , Aa^Fpa      , Aa^Fpa      , Aa^Fpa      , Aa^Fpa      , Aa          , Ha          , Ha          , Ha          , Ha          , Ha          
Aa          , Aa          , Aa          , Aa          , Aa          , Aa          , Aa          , Aa          , Aa          , Aa          , Aa          , Aa          , Re          , Re          , Gg^Vh       , Gg^Vh       , Ggf         , Gg^Vh       , Gg^Vh       , Kv          , Kv          , Cv          , Kv          , Kv          , Gg^Vh       , Gg^Vh       , Ggf         , Gg^Vh       , Gg^Vh       , Re          , Re          , Aa^Fpa      , Aa^Fpa      , Aa^Fpa      , Aa^Fpa      , Aa^Fpa      , Aa^Fpa      , Aa^Fpa      , Aa^Fpa      , Aa^Fpa      , Aa^Fpa      , Aa^Fpa      , Aa^Fpa      , Aa^Fpa      , Aa^Fpa      , Aa^Fpa      , Aa^Fpa      , Aa^Fpa      , Aa^Fpa      , Aa^Fpa      , Aa^Fpa      , Aa^Fpa      , Aa^Fpa      , Aa^Fpa      , Aa^Fpa      , Aa^Fpa      , Aa          , Ha          , Ha          , Ha          , Ha          , Ha          
Aa^Fpa      , Aa^Fpa      , Aa^Fpa      , Aa^Fpa      , Aa^Fpa      , Aa^Fpa      , Aa^Fpa      , Aa^Fpa      , Aa^Fpa      , Aa^Fpa      , Aa^Fpa      , Aa^Fpa      , Re          , Gg^Vh       , Gg^Vh       , Gg^Vh       , Gg^Vh       , Gg^Vh       , Gg^Vh       , Gg^Vh       , Re^Gvs      , Kv          , Re^Gvs      , Gg^Vh       , Gg^Vh       , Gg^Vh       , Gg^Vh       , Gg^Vh       , Gg^Vh       , Gg^Vh       , Gg^Vh       , Re          , Re          , Aa^Fpa      , Aa^Fpa      , Aa^Fpa      , Aa^Fpa      , Aa^Fpa      , Aa^Fpa      , Aa^Fpa      , Aa^Fpa      , Aa^Fpa      , Aa^Fpa      , Aa^Fpa      , Aa^Fpa      , Aa^Fpa      , Aa^Fpa      , Aa^Fpa      , Aa^Fpa      , Aa^Fpa      , Aa^Fpa      , Aa^Fpa      , Aa^Fpa      , Aa^Fpa      , Aa^Fpa      , Aa^Fpa      , Aa          , Ha          , Ha          , Ha          , Ha          , Ha          
Aa^Fpa      , Aa^Fpa      , Aa^Fpa      , Aa^Fpa      , Aa^Fpa      , Aa^Fpa      , Aa^Fpa      , Aa^Fpa      , Aa^Fpa      , Aa^Fpa      , Aa^Fpa      , Aa^Fpa      , Re          , Gg^Vh       , Ggf         , Gg^Vh       , Gg^Vh       , Gg^Vh       , Re^Gvs      , Re^Gvs      , Re^Gvs      , Re^Gvs      , Re^Gvs      , Re^Gvs      , Re^Gvs      , Ggf         , Ggf         , Gg^Vh       , Gg^Vh       , Gg^Vh       , Gg^Vh       , Gg^Vh       , Gg^Vh       , Re          , Re          , Aa^Fpa      , Aa^Fpa      , Aa^Fpa      , Aa^Fpa      , Aa^Fpa      , Aa^Fpa      , Aa^Fpa      , Aa^Fpa      , Aa^Fpa      , Aa^Fpa      , Aa^Fpa      , Aa^Fpa      , Aa^Fpa      , Aa^Fpa      , Aa^Fpa      , Aa^Fpa      , Aa^Fpa      , Aa^Fpa      , Aa^Fpa      , Aa^Fpa      , Aa^Fpa      , Aa          , Ha          , Ha          , Ha          , Ha          , Ha          
Aa^Fpa      , Aa^Fpa      , Aa^Fpa      , Aa^Fpa      , Aa^Fpa      , Aa^Fpa      , Aa^Fpa      , Aa^Fpa      , Aa^Fpa      , Aa^Fpa      , Aa^Fpa      , Aa^Fpa      , Re          , Gg^Vh       , Ggf         , Gg^Vh       , Re^Gvs      , Re^Gvs      , Re^Gvs      , Re^Gvs      , Re^Gvs      , Re^Gvs      , Re^Gvs      , Re^Gvs      , Re^Gvs      , Re^Gvs      , Ggf         , Gg^Vh       , Gg^Vh       , Gg^Vh       , Gg^Vh       , Gg^Vh       , Re          , Re          , Ch          , Re          , Re          , Aa^Fpa      , Aa^Fpa      , Aa^Fpa      , Aa^Fpa      , Aa^Fpa      , Aa^Fpa      , Aa^Fpa      , Aa^Fpa      , Aa^Fpa      , Aa^Fpa      , Aa^Fpa      , Aa^Fpa      , Aa^Fpa      , Aa^Fpa      , Aa^Fpa      , Aa^Fpa      , Aa^Fpa      , Aa          , Aa          , Ha          , Ha          , Ha          , Ha          , Ha          , Ha          
Aa^Fpa      , Aa^Fpa      , Aa^Fpa      , Aa^Fpa      , Aa^Fpa      , Aa^Fpa      , Aa^Fpa      , Aa^Fpa      , Aa^Fpa      , Aa^Fpa      , Aa^Fpa      , Aa^Fpa      , Re          , Gg^Vh       , Gg^Vh       , Gg^Vh       , Gg^Vh       , Re^Gvs      , Re^Gvs      , Re^Gvs      , Re^Gvs      , Re^Gvs      , Re^Gvs      , Re^Gvs      , Ggf         , Gg^Vh       , Gg^Vh       , Gg^Vh       , Gg^Vh       , Gg^Vh       , Re          , Re          , Ch          , Ch          , Kh          , Ch          , Ch          , Re          , Re          , Aa^Fpa      , Aa^Fpa      , Aa^Fpa      , Aa^Fpa      , Aa^Fpa      , Aa^Fpa      , Aa^Fpa      , Aa^Fpa      , Aa^Fpa      , Aa^Fpa      , Aa^Fpa      , Aa^Fpa      , Aa^Fpa      , Aa          , Aa          , Ha          , Ha          , Ha          , Ha          , Ha          , Ha          , Ha          , Ha          
Aa^Fpa      , Aa^Fpa      , Aa^Fpa      , Aa^Fpa      , Aa^Fpa      , Aa^Fpa      , Aa^Fpa      , Aa^Fpa      , Aa^Fpa      , Aa^Fpa      , Aa^Fpa      , Aa^Fpa      , Re          , Gg^Vh       , Ggf         , Gg^Vh       , Gg^Vh       , Gg^Vh       , Gg^Vh       , Re^Gvs      , Re^Gvs      , Re^Gvs      , Ggf         , Gg^Vh       , Gg^Vh       , Gg^Vh       , Gg^Vh       , Gg^Vh       , Re          , Re          , Ggf         , Ggf         , Ch          , Kh          , 6 Kh        , Kh          , Ch          , Ggf         , Gs^Fp       , Re          , Re          , Aa^Fpa      , Aa^Fpa      , Aa^Fpa      , Aa^Fpa      , Aa^Fpa      , Aa^Fpa      , Aa^Fpa      , Aa^Fpa      , Aa^Fpa      , Aa          , Aa          , Ha          , Ha          , Ha          , Ha          , Ha          , Ha          , Ha          , Ha          , Ha          , Ha          
Aa^Fpa      , Aa^Fpa      , Gs^Fp       , Aa^Fpa      , Aa^Fpa      , Aa^Fpa      , Aa^Fpa      , Aa^Fpa      , Aa^Fpa      , Aa^Fpa      , Aa^Fpa      , Aa^Fpa      , Re          , Gg^Vh       , Gg^Vh       , Ggf         , Gg^Vh       , Gg^Vh       , Gg^Vh       , Gg^Vh       , Gg^Vh       , Ggf         , Gg^Vh       , Gg^Vh       , Gg^Vh       , Gg^Vh       , Re          , Re          , Ggf         , Ggf         , Ggf         , Ggf         , Ch          , Kh          , Kh          , Kh          , Ch          , Gs^Fp       , Gs^Fp       , Gs^Fp       , Ggf         , Re          , Re          , Aa^Fpa      , Aa^Fpa      , Aa^Fpa      , Aa^Fpa      , Aa^Fpa      , Aa          , Aa          , Ha          , Ha          , Ha          , Ha          , Ha          , Ha          , Ha          , Ha          , Ha          , Ha          , Ha          , Ha          
Aa^Fpa      , Gs^Fp       , Gs^Fp       , Gs^Fp       , Aa^Fpa      , Aa^Fpa      , Aa^Fpa      , Aa^Fpa      , Aa^Fpa      , Aa^Fpa      , Aa^Fpa      , Aa^Fpa      , Aa^Fpa      , Re          , Re          , Gg^Vh       , Gg^Vh       , Ggf         , Gg^Vh       , Gg^Vh       , Gg^Vh       , Gg^Vh       , Gg^Vh       , Gg^Vh       , Re          , Re          , Gs^Fp       , Ggf         , Gg^Ve       , Gg^Ve       , Gg^Ve       , Ggf         , Ggf         , Ch          , Ch          , Ch          , Ggf         , Gs^Fp       , Gs^Fp       , Gs^Fp       , Gg^Ve       , Gg^Ve       , Gg^Ve       , Re          , Re          , Aa^Fpa      , Aa          , Aa          , Ha          , Ha          , Ha          , Ha          , Ha          , Ha          , Ha          , Ha          , Ha          , Ha          , Ha          , Ha          , Ha          , Ha          
Aa^Fpa      , Gs^Fp       , Gs^Fp       , Gs^Fp       , Aa^Fpa      , Aa^Fpa      , Aa^Fpa      , Aa^Fpa      , Aa^Fpa      , Aa^Fpa      , Aa^Fpa      , Aa^Fpa      , Aa^Fpa      , Aa^Fpa      , Aa^Fpa      , Re          , Re          , Gg^Vh       , Gg^Vh       , Gg^Vh       , Gg^Vh       , Gg^Vh       , Re          , Re          , Ggf         , Gs^Fp       , Gs^Fp       , Gs^Fp       , Gg^Ve       , Gg^Ve       , Gg^Ve       , Ggf         , Ggf         , Ggf         , Gg^Ve       , Ggf         , Ggf         , Ggf         , Gs^Fp       , Ggf         , Gg^Ve       , Gg^Ve       , Gg^Ve       , Ggf         , Re          , Re          , Ha          , Ha          , Ha          , Ha          , Ha          , Ha          , Ha          , Ha          , Ha          , Ha          , Ha          , Ha          , Ha          , Ha          , Ha          , Ha          
Aa^Fpa      , Aa^Fpa      , Aa^Fpa      , Aa^Fpa      , Aa^Fpa      , Aa^Fpa      , Aa^Fpa      , Aa^Fpa      , Aa^Fpa      , Aa^Fpa      , Aa^Fpa      , Aa^Fpa      , Aa^Fpa      , Aa^Fpa      , Aa^Fpa      , Aa^Fpa      , Aa^Fpa      , Re          , Re          , Gg^Vh       , Re          , Re          , Ggf         , Ggf         , Gg^Ve       , Gs^Fp       , Gs^Fp       , Gs^Fp       , Ggf         , Gg^Ve       , Gs^Fp       , Gs^Fp       , Gs^Fp       , Gg^Ve       , Gg^Ve       , Gg^Ve       , Ggf         , Gs^Fp       , Gs^Fp       , Gs^Fp       , Ggf         , Gg^Ve       , Re          , Re          , Ha          , Ha          , Ha          , Ha          , Ha          , Ha          , Ha          , Ha          , Ha          , Ha          , Ha          , Ha          , Ha          , Ha          , Ha          , Ha          , Ha          , Ha          
Aa^Fpa      , Aa^Fpa      , Aa^Fpa      , Aa^Fpa      , Aa^Fpa      , Aa^Fpa      , Aa^Fpa      , Aa^Fpa      , Aa^Fpa      , Aa^Fpa      , Aa^Fpa      , Aa^Fpa      , Aa^Fpa      , Aa^Fpa      , Aa^Fpa      , Aa^Fpa      , Aa^Fpa      , Aa^Fpa      , Re          , Re          , Gs^Fp       , Gs^Fp       , Gs^Fp       , Gg^Ve       , Gg^Ve       , Gg^Ve       , Ggf         , Gg^Vc       , Ggf         , Ggf         , Gs^Fp       , Gs^Fp       , Gs^Fp       , Gg^Ve       , Gs^Fp       , Gg^Ve       , Ggf         , Gs^Fp       , Gs^Fp       , Gs^Fp       , Re          , Re          , Ha          , Ha          , Ha          , Ha          , Ha          , Ha          , Ha          , Ha          , Ha          , Ha          , Ha          , Ha          , Ha          , Ha          , Ha          , Ha          , Ha          , Ha          , Ha          , Ha          
Aa^Fpa      , Aa^Fpa      , Aa^Fpa      , Aa^Fpa      , Aa^Fpa      , Aa^Fpa      , Aa^Fpa      , Aa^Fpa      , Aa^Fpa      , Aa^Fpa      , Aa^Fpa      , Aa^Fpa      , Aa^Fpa      , Aa^Fpa      , Aa^Fpa      , Aa^Fpa      , Aa^Fpa      , Re          , Re          , Ggf         , Gs^Fp       , Gs^Fp       , Gs^Fp       , Gg^Ve       , Gg^Ve       , Gg^Ve       , Ggf         , Ggf         , Gg^Ve       , Gg^Ve       , Gg^Ve       , Gs^Fp       , Ggf         , Gs^Fp       , Gs^Fp       , Gs^Fp       , Ggf         , Ggf         , Re          , Re          , Ha          , Ha          , Ha          , Ha          , Ha          , Ha          , Ha          , Ha          , Ha          , Ha          , Ha          , Ha          , Ha          , Ha          , Ha          , Ha          , Ha          , Ha          , Ha          , Ha          , Ha          , Ha          
Aa^Fpa      , Aa^Fpa      , Aa^Fpa      , Aa^Fpa      , Aa^Fpa      , Aa^Fpa      , Aa^Fpa      , Aa^Fpa      , Aa^Fpa      , Aa^Fpa      , Aa^Fpa      , Aa^Fpa      , Gs^Fp       , Gs^Fp       , Gs^Fp       , Aa^Fpa      , Aa^Fpa      , Aa^Fpa      , Aa^Fpa      , Re          , Re          , Gs^Fp       , Ggf         , Ggf         , Gs^Fp       , Gs^Fp       , Gs^Fp       , Gg^Vc       , Gg^Ve       , Gg^Ve       , Gg^Ve       , Ggf         , Ggf         , Gs^Fp       , Gs^Fp       , Gs^Fp       , Re          , Re          , Ha          , Ha          , Ha          , Ha          , Ha          , Ha          , Ha          , Ha          , Ha          , Ha          , Ha          , Ha          , Ha          , Ha          , Ha          , Ha          , Ha          , Ha          , Ha          , Ha          , Ha          , Ha          , Ha          , Ha          
Aa^Fpa      , Aa^Fpa      , Aa^Fpa      , Aa^Fpa      , Aa^Fpa      , Aa^Fpa      , Aa^Fpa      , Aa^Fpa      , Aa^Fpa      , Aa^Fpa      , Aa^Fpa      , Aa^Fpa      , Gs^Fp       , Gs^Fp       , Gs^Fp       , Aa^Fpa      , Aa^Fpa      , Aa^Fpa      , Aa^Fpa      , Aa^Fpa      , Aa^Fpa      , Re          , Re          , Ggf         , Gs^Fp       , Gs^Fp       , Gs^Fp       , Ggf         , Gs^Fp       , Gg^Ve       , Ggf         , Ggf         , Ggf         , Ggf         , Re          , Re          , Ha          , Ha          , Ha          , Ha          , Ha          , Ha          , Ha          , Ha          , Ha          , Ha          , Ha          , Ha          , Ha          , Ha          , Ha          , Ha          , Ha          , Ha          , Ha          , Ha          , Ha          , Ha          , Ha          , Ha          , Ha          , Ha          
Aa^Fpa      , Aa^Fpa      , Aa^Fpa      , Aa^Fpa      , Aa^Fpa      , Aa^Fpa      , Aa^Fpa      , Aa^Fpa      , Aa^Fpa      , Aa^Fpa      , Aa^Fpa      , Aa^Fpa      , Aa^Fpa      , Gs^Fp       , Aa^Fpa      , Aa^Fpa      , Aa^Fpa      , Aa^Fpa      , Aa^Fpa      , Aa^Fpa      , Aa^Fpa      , Aa^Fpa      , Aa^Fpa      , Re          , Re          , Gs^Fp       , Ggf         , Gs^Fp       , Gs^Fp       , Gs^Fp       , Ggf         , Gg^Vc       , Re          , Re          , Ha          , Ha          , Ha          , Ha          , Ha          , Ha          , Ha          , Ha          , Ha          , Ha          , Ha          , Ha          , Ha          , Ha          , Ha          , Ha          , Ha          , Ha          , Ha          , Ha          , Ha          , Ha          , Ha          , Ha          , Ha          , Ha          , Ha          , Ha          
Aa^Fpa      , Aa^Fpa      , Aa^Fpa      , Aa^Fpa      , Aa^Fpa      , Aa^Fpa      , Aa^Fpa      , Aa^Fpa      , Aa^Fpa      , Aa^Fpa      , Aa^Fpa      , Aa^Fpa      , Aa^Fpa      , Aa^Fpa      , Aa^Fpa      , Aa^Fpa      , Aa^Fpa      , Aa^Fpa      , Aa^Fpa      , Aa^Fpa      , Aa^Fpa      , Aa^Fpa      , Aa^Fpa      , Aa^Fpa      , Aa^Fpa      , Re          , Re          , Gs^Fp       , Gs^Fp       , Gs^Fp       , Re          , Re          , Ha          , Ha          , Ha          , Ha          , Ha          , Ha          , Ha          , Ha          , Ha          , Ha          , Ha          , Ha          , Ha          , Ha          , Ha          , Ha          , Ha          , Ha          , Ha          , Ha          , Ha          , Ha          , Ha          , Ha          , Ha          , Ha          , Ha          , Ha          , Ha          , Ha          
Aa^Fpa      , Aa^Fpa      , Aa^Fpa      , Aa^Fpa      , Aa^Fpa      , Aa^Fpa      , Aa^Fpa      , Aa^Fpa      , Aa^Fpa      , Aa^Fpa      , Aa^Fpa      , Aa^Fpa      , Aa^Fpa      , Aa^Fpa      , Aa^Fpa      , Aa^Fpa      , Aa^Fpa      , Aa^Fpa      , Aa^Fpa      , Aa^Fpa      , Aa^Fpa      , Aa^Fpa      , Aa^Fpa      , Aa^Fpa      , Aa^Fpa      , Aa^Fpa      , Aa^Fpa      , Re          , Re          , Re          , Ha          , Ha          , Ha          , Ha          , Ha          , Ha          , Ha          , Ha          , Ha          , Ha          , Ha          , Ha          , Ha          , Ha          , Ha          , Ha          , Ha          , Ha          , Ha          , Ha          , Ha          , Ha          , Ha          , Ha          , Ha          , Ha          , Ha          , Ha          , Ha          , Ha          , Ha          , Ha          
Aa^Fpa      , Aa^Fpa      , Aa^Fpa      , Aa^Fpa      , Aa^Fpa      , Aa^Fpa      , Aa^Fpa      , Aa^Fpa      , Aa^Fpa      , Aa^Fpa      , Aa^Fpa      , Aa^Fpa      , Aa^Fpa      , Aa^Fpa      , Aa^Fpa      , Aa^Fpa      , Aa^Fpa      , Aa^Fpa      , Aa^Fpa      , Aa^Fpa      , Aa^Fpa      , Aa^Fpa      , Aa^Fpa      , Aa^Fpa      , Aa^Fpa      , Aa^Fpa      , Aa^Fpa      , Aa^Fpa      , Aa^Fpa      , Ha          , Ha          , Ha          , Ha          , Ha          , Ha          , Ha          , Ha          , Ha          , Ha          , Ha          , Ha          , Ha          , Ha          , Ha          , Ha          , Ha          , Ha          , Ha          , Ha          , Ha          , Ha          , Ha          , Ha          , Ha          , Ha          , Ha          , Ha          , Ha          , Ha          , Ha          , Ha          , Ha          
Aa^Fpa      , Aa^Fpa      , Aa^Fpa      , Aa^Fpa      , Gs^Fp       , Gs^Fp       , Gs^Fp       , Aa^Fpa      , Aa^Fpa      , Aa^Fpa      , Aa^Fpa      , Aa^Fpa      , Aa^Fpa      , Aa^Fpa      , Aa^Fpa      , Aa^Fpa      , Aa^Fpa      , Aa^Fpa      , Aa^Fpa      , Aa^Fpa      , Aa^Fpa      , Aa^Fpa      , Aa^Fpa      , Aa^Fpa      , Aa^Fpa      , Aa^Fpa      , Aa^Fpa      , Aa^Fpa      , Aa^Fpa      , Ha          , Ha          , Ha          , Ha          , Ha          , Ha          , Ha          , Ha          , Ha          , Ha          , Ha          , Ha          , Ha          , Ha          , Ha          , Ha          , Ha          , Ha          , Ha          , Ha          , Ha          , Ha          , Ha          , Ha          , Ha          , Ha          , Ha          , Ha          , Ha          , Ha          , Ha          , Ha          , Ha          
Aa^Fpa      , Aa^Fpa      , Aa^Fpa      , Aa^Fpa      , Gs^Fp       , Gs^Fp       , Gs^Fp       , Aa^Fpa      , Aa^Fpa      , Aa^Fpa      , Aa^Fpa      , Aa^Fpa      , Aa^Fpa      , Aa^Fpa      , Aa^Fpa      , Aa^Fpa      , Aa^Fpa      , Aa^Fpa      , Aa^Fpa      , Aa^Fpa      , Aa^Fpa      , Aa^Fpa      , Aa^Fpa      , Aa^Fpa      , Aa^Fpa      , Aa^Fpa      , Aa^Fpa      , Aa^Fpa      , Aa^Fpa      , Ha          , Ha          , Ha          , Ha          , Ha          , Ha          , Ha          , Ha          , Ha          , Ha          , Ha          , Ha          , Ha          , Ha          , Ha          , Ha          , Ha          , Ha          , Ha          , Ha          , Ha          , Ha          , Ha          , Ha          , Ha          , Ha          , Ha          , Ha          , Ha          , Ha          , Ha          , Ha          , Ha          
Aa^Fpa      , Aa^Fpa      , Aa^Fpa      , Aa^Fpa      , Aa^Fpa      , Gs^Fp       , Aa^Fpa      , Aa^Fpa      , Aa^Fpa      , Aa^Fpa      , Aa^Fpa      , Aa^Fpa      , Aa^Fpa      , Aa^Fpa      , Aa^Fpa      , Aa^Fpa      , Aa^Fpa      , Aa^Fpa      , Aa^Fpa      , Aa^Fpa      , Aa^Fpa      , Aa^Fpa      , Aa^Fpa      , Aa^Fpa      , Aa^Fpa      , Aa^Fpa      , Aa^Fpa      , Aa^Fpa      , Aa^Fpa      , Ha          , Ha          , Ha          , Ha          , Ha          , Ha          , Ha          , Ha          , Ha          , Ha          , Ha          , Ha          , Ha          , Ha          , Ha          , Ha          , Ha          , Hd          , Ha          , Hd          , Hd          , Hd          , Ha          , Hd          , Hd          , Hd          , Hd          , Hd          , Ha          , Hd          , Ha          , Ha          , Ha          
Aa^Fpa      , Aa^Fpa      , Aa^Fpa      , Aa^Fpa      , Aa^Fpa      , Aa^Fpa      , Aa^Fpa      , Aa^Fpa      , Aa^Fpa      , Aa^Fpa      , Aa^Fpa      , Aa^Fpa      , Aa^Fpa      , Aa^Fpa      , Aa^Fpa      , Aa^Fpa      , Aa^Fpa      , Aa^Fpa      , Aa^Fpa      , Aa^Fpa      , Aa^Fpa      , Aa^Fpa      , Aa^Fpa      , Aa^Fpa      , Aa^Fpa      , Aa^Fpa      , Aa^Fpa      , Aa^Fpa      , Aa^Fpa      , Aa^Fpa      , Ha          , Ha          , Ha          , Ha          , Ha          , Ha          , Ha          , Ha          , Ha          , Ha          , Ha          , Ha          , Ha          , Ha          , Hd          , Hd          , Hd          , Hd          , Ds          , Ds          , Ds          , Hd          , Ds          , Ds          , Ds          , Hd          , Ds          , Hd          , Ds          , Ds          , Ds          , Ha          
Aa^Fpa      , Aa^Fpa      , Aa^Fpa      , Aa^Fpa      , Aa^Fpa      , Aa^Fpa      , Aa^Fpa      , Aa^Fpa      , Aa^Fpa      , Aa^Fpa      , Aa^Fpa      , Aa^Fpa      , Aa^Fpa      , Aa^Fpa      , Aa^Fpa      , Aa^Fpa      , Aa^Fpa      , Aa^Fpa      , Aa^Fpa      , Aa^Fpa      , Aa^Fpa      , Aa^Fpa      , Aa^Fpa      , Aa^Fpa      , Aa^Fpa      , Aa^Fpa      , Aa^Fpa      , Aa^Fpa      , Aa^Fpa      , Aa^Fpa      , Ha          , Ha          , Ha          , Ha          , Ha          , Ha          , Ha          , Ha          , Ha          , Ha          , Ha          , Ha          , Ha          , Ha          , Hd          , Hd          , Ds          , Ds          , Ds          , Ds          , Ds          , Ds          , Ds          , Ds          , Ds          , Ds          , Ds          , Ds          , Ds          , Ds          , Ds          , Ds          
Aa^Fpa      , Aa^Fpa      , Aa^Fpa      , Aa^Fpa      , Aa^Fpa      , Aa^Fpa      , Aa^Fpa      , Aa^Fpa      , Aa^Fpa      , Aa^Fpa      , Aa^Fpa      , Aa^Fpa      , Aa^Fpa      , Aa^Fpa      , Aa^Fpa      , Aa^Fpa      , Aa^Fpa      , Aa^Fpa      , Aa^Fpa      , Aa^Fpa      , Aa^Fpa      , Aa^Fpa      , Aa^Fpa      , Aa^Fpa      , Aa^Fpa      , Aa^Fpa      , Aa^Fpa      , Aa^Fpa      , Aa^Fpa      , Aa^Fpa      , Aa^Fpa      , Ha          , Ha          , Ha          , Ha          , Ha          , Ha          , Ha          , Ha          , Ha          , Ha          , Ha          , Hd          , Hd          , Ds          , Ds          , Ds          , Ds          , Ds          , Ds          , Ds          , Ds          , Ds          , Ds          , Ds          , Ds          , Ds          , Ds          , Ds          , Ds          , Ds          , Ds          
Aa^Fpa      , Aa^Fpa      , Aa^Fpa      , Aa^Fpa      , Aa^Fpa      , Aa^Fpa      , Aa^Fpa      , Aa^Fpa      , Gs^Fp       , Aa^Fpa      , Aa^Fpa      , Aa^Fpa      , Aa^Fpa      , Aa^Fpa      , Aa^Fpa      , Aa^Fpa      , Aa^Fpa      , Aa^Fpa      , Aa^Fpa      , Aa^Fpa      , Aa^Fpa      , Aa^Fpa      , Aa^Fpa      , Aa^Fpa      , Aa^Fpa      , Aa^Fpa      , Aa^Fpa      , Aa^Fpa      , Aa^Fpa      , Aa^Fpa      , Aa^Fpa      , Aa^Fpa      , Ha          , Ha          , Ha          , Ha          , Ha          , Ha          , Ha          , Ha          , Ha          , Ha          , Hd          , Hd          , Ds          , Ds          , Ds          , Ds          , Ce          , Ds          , Ds          , Ds          , Ce          , Ke          , Ce          , Ds          , Ds          , Ds          , Ce          , Ds          , Ds          , Ds          
Aa^Fpa      , Aa^Fpa      , Aa^Fpa      , Aa^Fpa      , Aa^Fpa      , Aa^Fpa      , Aa^Fpa      , Gs^Fp       , Gs^Fp       , Gs^Fp       , Aa^Fpa      , Aa^Fpa      , Aa^Fpa      , Aa^Fpa      , Aa^Fpa      , Aa^Fpa      , Aa^Fpa      , Aa^Fpa      , Aa^Fpa      , Aa^Fpa      , Aa^Fpa      , Aa^Fpa      , Aa^Fpa      , Aa^Fpa      , Aa^Fpa      , Aa^Fpa      , Aa^Fpa      , Aa^Fpa      , Aa^Fpa      , Aa^Fpa      , Aa^Fpa      , Aa^Fpa      , Ha          , Ha          , Ha          , Ha          , Ha          , Ha          , Ha          , Ha          , Ha          , Ha          , Hd          , Hd          , Ds          , Ds          , Ce          , Ce          , Ce          , Ce          , Ce          , Ce          , Ce          , Ce          , Ce          , Ce          , Ce          , Ce          , Ce          , Ce          , Ce          , Ds          
Aa^Fpa      , Aa^Fpa      , Aa^Fpa      , Aa^Fpa      , Aa^Fpa      , Aa^Fpa      , Aa^Fpa      , Gs^Fp       , Gs^Fp       , Gs^Fp       , Aa^Fpa      , Aa^Fpa      , Aa^Fpa      , Aa^Fpa      , Aa^Fpa      , Aa^Fpa      , Aa^Fpa      , Aa^Fpa      , Aa^Fpa      , Aa^Fpa      , Aa^Fpa      , Aa^Fpa      , Aa^Fpa      , Aa^Fpa      , Aa^Fpa      , Aa^Fpa      , Aa^Fpa      , Aa^Fpa      , Aa^Fpa      , Aa^Fpa      , Ha          , Ha          , Ha          , Ha          , Ha          , Ha          , Ha          , Ha          , Ha          , Ha          , Ha          , Ha          , Hd          , Hd          , Ds          , Ds          , Ce          , Ce          , Ke          , Ce          , Ce          , Ce          , 5 Ke        , Ce          , Ce          , Ce          , Ce          , Ce          , Ce          , Ke          , Ce          , Ds          
Aa^Fpa      , Aa^Fpa      , Gs^Fp       , Aa^Fpa      , Aa^Fpa      , Aa^Fpa      , Aa^Fpa      , Aa^Fpa      , Aa^Fpa      , Aa^Fpa      , Aa^Fpa      , Aa^Fpa      , Gs^Fp       , Aa^Fpa      , Aa^Fpa      , Aa^Fpa      , Aa^Fpa      , Aa^Fpa      , Aa^Fpa      , Aa^Fpa      , Aa^Fpa      , Aa^Fpa      , Aa^Fpa      , Aa^Fpa      , Aa^Fpa      , Aa^Fpa      , Aa^Fpa      , Aa^Fpa      , Ha          , Ha          , Ha          , Ha          , Ha          , Ha          , Ha          , Ha          , Ha          , Ha          , Ha          , Ha          , Ha          , Hd          , Hd          , Ds          , Ds          , Ds          , Ce          , Ce          , Ce          , Ce          , Ce          , Ce          , Ce          , Ce          , Ce          , Ke          , Ce          , Ce          , Ce          , Ce          , Ce          , Ds          
Aa^Fpa      , Gs^Fp       , Gs^Fp       , Gs^Fp       , Aa^Fpa      , Aa^Fpa      , Aa^Fpa      , Aa^Fpa      , Aa^Fpa      , Aa^Fpa      , Aa^Fpa      , Gs^Fp       , Gs^Fp       , Gs^Fp       , Aa^Fpa      , Aa^Fpa      , Aa^Fpa      , Aa^Fpa      , Aa^Fpa      , Aa^Fpa      , Aa^Fpa      , Aa^Fpa      , Aa^Fpa      , Aa^Fpa      , Aa^Fpa      , Aa^Fpa      , Aa^Fpa      , Aa^Fpa      , Ha          , Ha          , Ha          , Ha          , Ha          , Ha          , Ha          , Ha          , Ha          , Ha          , Ha          , Ha          , Ha          , Hd          , Hd          , Ds          , Ds          , Ds          , Ds          , Ce          , Ce          , Ce          , Ce          , Ce          , Ce          , Ce          , Ce          , Ce          , Ce          , Ce          , Ce          , Ce          , Ds          , Ds          
Aa^Fpa      , Gs^Fp       , Gs^Fp       , Gs^Fp       , Aa^Fpa      , Aa^Fpa      , Aa^Fpa      , Aa^Fpa      , Aa^Fpa      , Aa^Fpa      , Aa^Fpa      , Gs^Fp       , Gs^Fp       , Gs^Fp       , Aa^Fpa      , Aa^Fpa      , Aa^Fpa      , Aa^Fpa      , Aa^Fpa      , Aa^Fpa      , Aa^Fpa      , Aa^Fpa      , Aa^Fpa      , Aa^Fpa      , Aa^Fpa      , Aa^Fpa      , Ha          , Ha          , Ha          , Ha          , Ha          , Ha          , Ha          , Ha          , Ha          , Ha          , Ha          , Ha          , Ha          , Ha          , Ha          , Hd          , Hd          , Ds          , Ds          , Ds          , Ds          , Ds          , Ds          , Ce          , Ce          , Ce          , Ce          , Ce          , Ce          , Ce          , Ce          , Ce          , Ds          , Ds          , Ds          , Ds          
Aa^Fpa      , Aa^Fpa      , Aa^Fpa      , Aa^Fpa      , Aa^Fpa      , Aa^Fpa      , Aa^Fpa      , Aa^Fpa      , Aa^Fpa      , Aa^Fpa      , Aa^Fpa      , Aa^Fpa      , Aa^Fpa      , Aa^Fpa      , Aa^Fpa      , Aa^Fpa      , Aa^Fpa      , Aa^Fpa      , Aa^Fpa      , Aa^Fpa      , Aa^Fpa      , Aa^Fpa      , Aa^Fpa      , Aa^Fpa      , Ha          , Ha          , Ha          , Ha          , Ha          , Ha          , Ha          , Ha          , Ha          , Ha          , Ha          , Ha          , Ha          , Ha          , Ha          , Ha          , Ha          , Hd          , Hd          , Ds          , Ds          , Ds          , Ds          , Ds          , Ds          , Ce          , Ce          , Ke          , Ce          , Ce          , Ke          , Ce          , Ce          , Ce          , Ds          , Ds          , Ds          , Ds          
Aa^Fpa      , Aa^Fpa      , Aa^Fpa      , Aa^Fpa      , Aa^Fpa      , Aa^Fpa      , Aa^Fpa      , Aa^Fpa      , Aa^Fpa      , Aa^Fpa      , Aa^Fpa      , Aa^Fpa      , Aa^Fpa      , Aa^Fpa      , Aa^Fpa      , Aa^Fpa      , Aa^Fpa      , Aa^Fpa      , Aa^Fpa      , Aa^Fpa      , Aa^Fpa      , Aa^Fpa      , Ha          , Ha          , Ha          , Ha          , Ha          , Ha          , Ha          , Ha          , Ha          , Ha          , Ha          , Ha          , Ha          , Ha          , Ha          , Ha          , Ha          , Ha          , Ha          , Hd          , Hd          , Ds          , Ds          , Ds          , Ds          , Ds          , Ds          , Ce          , Ce          , Ce          , Ce          , Ce          , Ce          , Ce          , Ce          , Ce          , Ds          , Ds          , Ds          , Ds          
Aa^Fpa      , Aa^Fpa      , Aa^Fpa      , Aa^Fpa      , Aa^Fpa      , Aa^Fpa      , Aa^Fpa      , Aa^Fpa      , Aa^Fpa      , Aa^Fpa      , Aa^Fpa      , Aa^Fpa      , Aa^Fpa      , Aa^Fpa      , Aa^Fpa      , Aa^Fpa      , Aa^Fpa      , Aa^Fpa      , Aa^Fpa      , Aa^Fpa      , Ha          , Ha          , Ha          , Ha          , Ha          , Ha          , Ha          , Ha          , Ha          , Ha          , Ha          , Ha          , Ha          , Ha          , Ha          , Ha          , Ha          , Ha          , Ha          , Ha          , Ha          , Hd          , Hd          , Ds          , Ds          , Ds          , Ds          , Ds          , Ds          , Ds          , Ds          , Ce          , Ds          , Ds          , Ds          , Ce          , Ds          , Ds          , Ds          , Ds          , Ds          , Ds          
Aa^Fpa      , Aa^Fpa      , Aa^Fpa      , Aa^Fpa      , Aa^Fpa      , Aa^Fpa      , Aa^Fpa      , Aa^Fpa      , Aa^Fpa      , Aa^Fpa      , Aa^Fpa      , Aa^Fpa      , Aa^Fpa      , Aa^Fpa      , Aa^Fpa      , Aa^Fpa      , Aa^Fpa      , Aa^Fpa      , Aa^Fpa      , Aa^Fpa      , Ha          , Ha          , Ha          , Ha          , Ha          , Ha          , Ha          , Ha          , Ha          , Ha          , Ha          , Ha          , Ha          , Ha          , Ha          , Ha          , Ha          , Ha          , Ha          , Ha          , Ha          , Hd          , Hd          , Ds          , Ds          , Ds          , Ds          , Ds          , Ds          , Ds          , Ds          , Ds          , Ds          , Ds          , Ds          , Ds          , Ds          , Ds          , Ds          , Ds          , Ds          , Ds          
